// Jest Snapshot v1, https://goo.gl/fbAQLP

exports[`EventCard Snapshot matches the snapshot 1`] = `null`;
